
> react-typescript-starter@0.1.0 test
> react-scripts test "--coverage"

FAIL src/arrays.test.ts
  ● Testing the array functions › Testing the shoutIfExclaiming function

    expect(received).toEqual(expected) // deep equality

    - Expected  - 6
    + Received  + 1

    - Array [
    -   "Hello",
    -   "you",
    -   "are",
    -   "GREAT!",
    - ]
    + Array []

      144 |
      145 |     test("Testing the shoutIfExclaiming function", () => {
    > 146 |         expect(shoutIfExclaiming(MESSAGE_1)).toEqual([
          |                                              ^
      147 |             "Hello",
      148 |             "you",
      149 |             "are",

      at Object.<anonymous> (src/arrays.test.ts:146:46)

FAIL src/HtmlCss.test.tsx
  ● Some HTML Elements are added. › There is a list with at least three elements

    TestingLibraryElementError: Found multiple elements with the role "list"

    Here are the matching elements:

    Ignored nodes: comments, <script />, <style />
    [36m<ol>[39m
      [36m<li>[39m
        [0mScurvius, the Orange Peel Pirate[0m
      [36m</li>[39m
      [36m<li>[39m
        [0mDairus, the Pillar of The North[0m
      [36m</li>[39m
      [36m<li>[39m
        [0mFelinia, the Wardeness of Storm Wake [0m
      [36m</li>[39m
    [36m</ol>[39m

    Ignored nodes: comments, <script />, <style />
    [36m<ol>[39m
      [36m<li>[39m
        [0mThrough the Isle and Waves[0m
      [36m</li>[39m
      [36m<li>[39m
        [0mBoulder Path to Oblivion[0m
      [36m</li>[39m
      [36m<li>[39m
        [0mReaching into Stormfinity[0m
      [36m</li>[39m
    [36m</ol>[39m

    (If this is intentional, then use the `*AllBy*` variant of the query (like `queryAllByText`, `getAllByText`, or `findAllByText`)).

    Ignored nodes: comments, <script />, <style />
    [36m<body>[39m
      [36m<div>[39m
        [36m<div[39m
          [33mstyle[39m=[32m"border: 5px solid maroon; padding: 4px;"[39m
        [36m>[39m
          [36m<div[39m
            [33mclass[39m=[32m"container"[39m
          [36m>[39m
            [36m<div[39m
              [33mclass[39m=[32m"row"[39m
            [36m>[39m
              [36m<div[39m
                [33mclass[39m=[32m"col"[39m
              [36m>[39m
                [36m<img[39m
                  [33malt[39m=[32m"Bardius: the First Musician"[39m
                  [33msrc[39m=[32m"https://www.dndspeak.com/wp-content/uploads/2021/04/Bard-1.jpg"[39m
                [36m/>[39m
              [36m</div>[39m
            [36m</div>[39m
            [36m<div[39m
              [33mclass[39m=[32m"row"[39m
            [36m>[39m
              [36m<div[39m
                [33mclass[39m=[32m"col"[39m
              [36m>[39m
                [36m<h1>[39m
                  [0m♪Ruffneck Traveling Bard Service♫ (CISC275)[0m
                [36m</h1>[39m
                [36m<p>[39m
                  [0mNeed some music to spice up your adventure? Need some tunes to make the destination feel less far?[0m
                  [0m [0m
                  [36m<span[39m
                    [33mstyle[39m=[32m"color: navy;"[39m
                  [36m>[39m
                    [0mRuffneck Travelling Bard Services[0m
                  [36m</span>[39m
                  [0mmight be just for you![0m
                [36m</p>[39m
                [36m<button[39m
                  [33mclass[39m=[32m"btn btn-primary"[39m
                  [33mtype[39m=[32m"button"[39m
                [36m>[39m
                  [0mLog Hello World[0m
                [36m</button>[39m
                [36m<div[39m
                  [33mstyle[39m=[32m"width: 50px; height: 10px; background-color: red;"[39m
                [36m/>[39m
              [36m</div>[39m
              [36m<div[39m
                [33mclass[39m=[32m"col"[39m
              [36m>[39m
                [36m<p>[39m
                  [0mBelow are some of the heros we have played for in the past, and their favorite songs![0m
                [36m</p>[39m
                [36m<p>[39m
                  [0mHero Name[0m
                [36m</p>[39m
                [36m<ol>[39m
                  [36m<li>[39m
                    [0mScurvius, the Orange Peel Pirate[0m
                  [36m</li>[39m
                  [36m<li>[39m
                    [0mDairus, the Pillar of The North[0m
                  [36m</li>[39m
                  [36m<li>[39m
                    [0mFelinia, the Wardeness of Storm Wake [0m
                  [36m</li>[39m
                [36m</ol>[39m
                [36m<p>[39m
                  [0mTheir Favorite Song[0m
                [36m</p>[39m
                [36m<ol>[39m
                  [36m<li>[39m
                    [0mThrough the Isle and Waves[0m
                  [36m</li>[39m
                  [36m<li>[39m
                    [0mBoulder Path to Oblivion[0m
                  [36m</li>[39m
                  [36m<li>[39m
                    [0mReaching into Stormfinity[0m
                  [36m</li>[39m
                [36m</ol>[39m
                [36m<div[39m
                  [33mstyle[39m=[32m"width: 50px; height: 10px; background-color: red;"[39m
                [36m/>[39m
              [36m</div>[39m
            [36m</div>[39m
          [36m</div>[39m
        [36m</div>[39m
      [36m</div>[39m
    [36m</body>[39m

      20 |     test("There is a list with at least three elements", () => {
      21 |         render(<App />);
    > 22 |         const list = screen.getByRole("list");
         |                             ^
      23 |         expect(list).toBeInTheDocument();
      24 |         expect(list.children.length).toBeGreaterThanOrEqual(3);
      25 |     });

      at Object.getElementError (node_modules/@testing-library/dom/dist/config.js:38:19)
      at getElementError (node_modules/@testing-library/dom/dist/query-helpers.js:25:35)
      at getMultipleElementsFoundError (node_modules/@testing-library/dom/dist/query-helpers.js:29:10)
      at node_modules/@testing-library/dom/dist/query-helpers.js:66:13
      at getByRole (node_modules/@testing-library/dom/dist/query-helpers.js:111:19)
      at Object.<anonymous> (src/HtmlCss.test.tsx:22:29)

  ● Some basic CSS is added. › The background color of the header area is different

    TestingLibraryElementError: Unable to find an accessible element with the role "banner"

    Here are the accessible roles:

      img:

      Name "Bardius: the First Musician":
      [36m<img[39m
        [33malt[39m=[32m"Bardius: the First Musician"[39m
        [33msrc[39m=[32m"https://www.dndspeak.com/wp-content/uploads/2021/04/Bard-1.jpg"[39m
      [36m/>[39m

      --------------------------------------------------
      heading:

      Name "♪Ruffneck Traveling Bard Service♫ (CISC275)":
      [36m<h1 />[39m

      --------------------------------------------------
      button:

      Name "Log Hello World":
      [36m<button[39m
        [33mclass[39m=[32m"btn btn-primary"[39m
        [33mtype[39m=[32m"button"[39m
      [36m/>[39m

      --------------------------------------------------
      list:

      Name "":
      [36m<ol />[39m

      Name "":
      [36m<ol />[39m

      --------------------------------------------------
      listitem:

      Name "":
      [36m<li />[39m

      Name "":
      [36m<li />[39m

      Name "":
      [36m<li />[39m

      Name "":
      [36m<li />[39m

      Name "":
      [36m<li />[39m

      Name "":
      [36m<li />[39m

      --------------------------------------------------

    Ignored nodes: comments, <script />, <style />
    [36m<body>[39m
      [36m<div>[39m
        [36m<div[39m
          [33mstyle[39m=[32m"border: 5px solid maroon; padding: 4px;"[39m
        [36m>[39m
          [36m<div[39m
            [33mclass[39m=[32m"container"[39m
          [36m>[39m
            [36m<div[39m
              [33mclass[39m=[32m"row"[39m
            [36m>[39m
              [36m<div[39m
                [33mclass[39m=[32m"col"[39m
              [36m>[39m
                [36m<img[39m
                  [33malt[39m=[32m"Bardius: the First Musician"[39m
                  [33msrc[39m=[32m"https://www.dndspeak.com/wp-content/uploads/2021/04/Bard-1.jpg"[39m
                [36m/>[39m
              [36m</div>[39m
            [36m</div>[39m
            [36m<div[39m
              [33mclass[39m=[32m"row"[39m
            [36m>[39m
              [36m<div[39m
                [33mclass[39m=[32m"col"[39m
              [36m>[39m
                [36m<h1>[39m
                  [0m♪Ruffneck Traveling Bard Service♫ (CISC275)[0m
                [36m</h1>[39m
                [36m<p>[39m
                  [0mNeed some music to spice up your adventure? Need some tunes to make the destination feel less far?[0m
                  [0m [0m
                  [36m<span[39m
                    [33mstyle[39m=[32m"color: navy;"[39m
                  [36m>[39m
                    [0mRuffneck Travelling Bard Services[0m
                  [36m</span>[39m
                  [0mmight be just for you![0m
                [36m</p>[39m
                [36m<button[39m
                  [33mclass[39m=[32m"btn btn-primary"[39m
                  [33mtype[39m=[32m"button"[39m
                [36m>[39m
                  [0mLog Hello World[0m
                [36m</button>[39m
                [36m<div[39m
                  [33mstyle[39m=[32m"width: 50px; height: 10px; background-color: red;"[39m
                [36m/>[39m
              [36m</div>[39m
              [36m<div[39m
                [33mclass[39m=[32m"col"[39m
              [36m>[39m
                [36m<p>[39m
                  [0mBelow are some of the heros we have played for in the past, and their favorite songs![0m
                [36m</p>[39m
                [36m<p>[39m
                  [0mHero Name[0m
                [36m</p>[39m
                [36m<ol>[39m
                  [36m<li>[39m
                    [0mScurvius, the Orange Peel Pirate[0m
                  [36m</li>[39m
                  [36m<li>[39m
                    [0mDairus, the Pillar of The North[0m
                  [36m</li>[39m
                  [36m<li>[39m
                    [0mFelinia, the Wardeness of Storm Wake [0m
                  [36m</li>[39m
                [36m</ol>[39m
                [36m<p>[39m
                  [0mTheir Favorite Song[0m
                [36m</p>[39m
                [36m<ol>[39m
                  [36m<li>[39m
                    [0mThrough the Isle and Waves[0m
                  [36m</li>[39m
                  [36m<li>[39m
                    [0mBoulder Path to Oblivion[0m
                  [36m</li>[39m
                  [36m<li>[39m
                    [0mReaching into Stormfinity[0m
                  [36m</li>[39m
                [36m</ol>[39m
                [36m<div[39m
                  [33mstyle[39m=[32m"width: 50px; height: 10px; background-color: red;"[39m
                [36m/>[39m
              [36m</div>[39m
            [36m</div>[39m
          [36m</div>[39m
        [36m</div>[39m
      [36m</div>[39m
    [36m</body>[39m

      29 |     test("The background color of the header area is different", () => {
      30 |         render(<App />);
    > 31 |         const banner = screen.getByRole("banner");
         |                               ^
      32 |         expect(banner).not.toHaveStyle({
      33 |             "background-color": "rgb(40, 44, 52)"
      34 |         });

      at Object.getElementError (node_modules/@testing-library/dom/dist/config.js:38:19)
      at node_modules/@testing-library/dom/dist/query-helpers.js:90:38
      at node_modules/@testing-library/dom/dist/query-helpers.js:62:17
      at getByRole (node_modules/@testing-library/dom/dist/query-helpers.js:111:19)
      at Object.<anonymous> (src/HtmlCss.test.tsx:31:31)

PASS src/functions.test.ts
PASS src/text.test.tsx
PASS src/App.test.tsx
--------------|---------|----------|---------|---------|-------------------
File          | % Stmts | % Branch | % Funcs | % Lines | Uncovered Line #s 
--------------|---------|----------|---------|---------|-------------------
All files     |   98.68 |     93.1 |   96.29 |   98.55 |                   
 App.tsx      |     100 |      100 |     100 |     100 |                   
 arrays.ts    |   98.14 |    89.47 |      95 |   97.87 | 69                
 functions.ts |     100 |      100 |     100 |     100 |                   
--------------|---------|----------|---------|---------|-------------------

Test Suites: 2 failed, 3 passed, 5 total
Tests:       3 failed, 20 passed, 23 total
Snapshots:   0 total
Time:        5.888 s
Ran all test suites.
